c:\users\franc\desktop\uni\computer grafica\progettocg\progetto\build\vc143.pdb
c:\users\franc\desktop\uni\computer grafica\progettocg\progetto\build\imgui_widgets.obj
c:\users\franc\desktop\uni\computer grafica\progettocg\progetto\build\imgui_tables.obj
c:\users\franc\desktop\uni\computer grafica\progettocg\progetto\build\imgui_draw.obj
c:\users\franc\desktop\uni\computer grafica\progettocg\progetto\build\imgui_demo.obj
c:\users\franc\desktop\uni\computer grafica\progettocg\progetto\build\imgui.obj
c:\users\franc\desktop\uni\computer grafica\progettocg\progetto\build\imgui_impl_opengl3.obj
c:\users\franc\desktop\uni\computer grafica\progettocg\progetto\build\imgui_impl_glfw.obj
c:\users\franc\desktop\uni\computer grafica\progettocg\progetto\build\vc145.pdb
c:\users\franc\desktop\uni\computer grafica\progettocg\progetto\build\main_game.obj
c:\users\franc\desktop\uni\computer grafica\progettocg\progetto\build\progettocg.ipdb
c:\users\franc\desktop\uni\computer grafica\progettocg\progetto\build\progettocg.iobj
c:\users\franc\desktop\uni\computer grafica\progettocg\progetto\build\main_game_origin - copia.obj
c:\users\franc\desktop\uni\computer grafica\progettocg\progetto\bin\progettocg.pdb
c:\users\franc\desktop\uni\computer grafica\progettocg\progetto\build\progettocg.vcxproj.filelistabsolute.txt
c:\users\franc\desktop\uni\computer grafica\progettocg\progetto\build\progettocg.tlog\cl.command.1.tlog
c:\users\franc\desktop\uni\computer grafica\progettocg\progetto\build\progettocg.tlog\cl.items.tlog
c:\users\franc\desktop\uni\computer grafica\progettocg\progetto\build\progettocg.tlog\cl.read.1.tlog
c:\users\franc\desktop\uni\computer grafica\progettocg\progetto\build\progettocg.tlog\cl.write.1.tlog
c:\users\franc\desktop\uni\computer grafica\progettocg\progetto\build\progettocg.tlog\link.command.1.tlog
c:\users\franc\desktop\uni\computer grafica\progettocg\progetto\build\progettocg.tlog\link.read.1.tlog
c:\users\franc\desktop\uni\computer grafica\progettocg\progetto\build\progettocg.tlog\link.read.19.tlog
c:\users\franc\desktop\uni\computer grafica\progettocg\progetto\build\progettocg.tlog\link.secondary.1.tlog
c:\users\franc\desktop\uni\computer grafica\progettocg\progetto\build\progettocg.tlog\link.write.1.tlog
